<html>
<body>
<pre>
<h1>礦ision Build Log</h1>
<h2>Project:</h2>
E:\STM32开发板资料\机智云\subset\USER\NRF24L01.uvproj
Project File Date:  11/21/2017

<h2>Output:</h2>
Build target 'Target 1'
compiling system_stm32f10x.c...
linking...
Program Size: Code=27744 RO-data=3048 RW-data=60 ZI-data=1852  
FromELF: creating hex file...
"..\OBJ\NRF24L01.axf" - 0 Errors, 0 Warning(s).
Load "..\\OBJ\\NRF24L01.axf" 
Set JLink Project File to "E:\STM32开发板资料\机智云\subset\USER\JLinkSettings.ini"
* JLink Info: Device "STM32F103ZE" selected.
 
JLink info:
------------
DLL: V5.12f, compiled May 17 2016 16:03:35
Firmware: J-Link ARM V8 compiled Nov 28 2014 13:44:46
Hardware: V8.00
S/N : 17935099 
Feature(s) : RDI,FlashDL,FlashBP,JFlash 
 
* JLink Info: Found SWD-DP with ID 0x1BA01477
* JLink Info: Found SWD-DP with ID 0x1BA01477
* JLink Info: Found Cortex-M3 r1p1, Little endian.
* JLink Info: FPUnit: 6 code (BP) slots and 2 literal slots
* JLink Info: CoreSight components:
* JLink Info: ROMTbl 0 @ E00FF000
* JLink Info: ROMTbl 0 [0]: FFF0F000, CID: B105E00D, PID: 001BB000 SCS
* JLink Info: ROMTbl 0 [1]: FFF02000, CID: B105E00D, PID: 001BB002 DWT
* JLink Info: ROMTbl 0 [2]: FFF03000, CID: B105E00D, PID: 000BB003 FPB
* JLink Info: ROMTbl 0 [3]: FFF01000, CID: B105E00D, PID: 001BB001 ITM
* JLink Info: ROMTbl 0 [4]: FFF41000, CID: B105900D, PID: 001BB923 TPIU-Lite
ROMTableAddr = 0xE00FF003
 
Target info:
------------
Device: STM32F103ZE
VTarget = 3.300V
State of Pins: 
TCK: 0, TDI: 0, TDO: 0, TMS: 1, TRES: 1, TRST: 1
Hardware-Breakpoints: 6
Software-Breakpoints: 8192
Watchpoints:          4
JTAG speed: 4000 kHz
 
Erase Done.
Programming Failed!
Build target 'Target 1'
compiling main.c...
main.c(14): warning:  #550-D: variable "key" was set but never used
main.c(14): warning:  #177-D: variable "mode" was declared but never referenced
linking...
Program Size: Code=27756 RO-data=3048 RW-data=60 ZI-data=1852  
FromELF: creating hex file...
"..\OBJ\NRF24L01.axf" - 0 Errors, 2 Warning(s).
